{
    "@context": "/api/v2/contexts/Page",
    "@id": "/api/v2/shop/cms/pages/@integer@",
    "@type": "Page",
    "id": "@integer@",
    "code": "page1-code",
    "name": null,
    "publishAt": null,
    "contentElements": [],
    "translations": {
        "en_US": {
            "@type": "PageTranslation",
            "@id": "/api/v2/.well-known/genid/@string@",
            "slug": "translation1_slug_en_US",
            "title": "Amazing article1",
            "metaKeywords": "html,application",
            "metaDescription": null,
            "teaserTitle": "Amazing article1",
            "teaserContent": "This is a teaser content",
            "teaserImage": null
        }
    }
}
