{
    "@context": "/api/v2/contexts/Collection",
    "@id": "/api/v2/shop/cms/collections/@integer@",
    "@type": "Collection",
    "id": "@integer@",
    "code": "collection1-code",
    "type": "page",
    "pages": [],
    "blocks": [],
    "media": []
}
